INÍCIO DA SESSÃO DE LOG
2025-11-18 06:43:58,318 - error_module - INFO - Configuração de log concluída e pronta para uso.
2025-11-18 06:44:05,763 - error_module - INFO - Configuração de log concluída e pronta para uso.
2025-11-18 06:44:11,037 - error_module - INFO - ✅ Banco de dados iniciado e tabelas criadas!
2025-11-18 06:45:11,513 - error_module - INFO - 🔐 Tentativa de login: nahtan@empresa.com
2025-11-18 06:45:13,489 - error_module - INFO - Token salvo no cache. Chave: token:eyJhbGciOiJIUzI1NiIsInR5cCI6IkpXVCJ9.eyJleHAiOjE3NjUxODcxMTMsInN1YiI6IjgifQ.THpdNxlnFPx7vNvTohGhAvvf2jDxDFdYxUU2cdf24iw
2025-11-18 06:46:12,854 - error_module - INFO - 🔐 Tentativa de login: nahtan@empresa.com
2025-11-18 06:46:14,033 - error_module - INFO - Token salvo no cache. Chave: token:eyJhbGciOiJIUzI1NiIsInR5cCI6IkpXVCJ9.eyJleHAiOjE3NjUxODcxNzQsInN1YiI6IjgifQ.eXq6l0clIVUffkgFyuDtKB5yjz1WhvRYjca1_JIv_HQ
2025-11-18 07:13:09,374 - error_module - INFO - 🧱 Banco de dados encerrado com sucesso.
2025-11-18 07:41:56,536 - error_module - INFO - Configuração de log concluída e pronta para uso.
2025-11-18 07:42:02,912 - error_module - INFO - Configuração de log concluída e pronta para uso.
2025-11-18 07:42:09,115 - error_module - INFO - ✅ Banco de dados iniciado e tabelas criadas!
2025-11-18 08:19:27,762 - error_module - INFO - 🧱 Banco de dados encerrado com sucesso.
2025-11-18 18:05:01,496 - error_module - INFO - Configuração de log concluída e pronta para uso.
2025-11-18 18:05:07,779 - error_module - INFO - Configuração de log concluída e pronta para uso.
2025-11-18 18:05:11,380 - error_module - INFO - ✅ Banco de dados iniciado e tabelas criadas!
2025-11-18 18:07:08,051 - error_module - INFO - Encontradas 0 dívidas ATIVAS para usuário 8
2025-11-18 18:07:08,212 - error_module - INFO - Encontradas 0 dívidas pagas para usuário 8
2025-11-18 18:07:12,449 - error_module - INFO - Encontradas 0 dívidas ATIVAS para usuário 8
2025-11-18 18:07:12,689 - error_module - INFO - Encontradas 0 dívidas pagas para usuário 8
2025-11-18 18:07:17,179 - error_module - INFO - Encontradas 0 dívidas ATIVAS para usuário 8
2025-11-18 18:07:17,382 - error_module - INFO - Encontradas 0 dívidas pagas para usuário 8
2025-11-18 18:07:22,486 - error_module - INFO - Encontradas 0 dívidas ATIVAS para usuário 8
2025-11-18 18:07:22,640 - error_module - INFO - Encontradas 0 dívidas pagas para usuário 8
2025-11-18 18:09:31,179 - error_module - INFO - Encontradas 0 dívidas ATIVAS para usuário 8
2025-11-18 18:09:31,327 - error_module - INFO - Encontradas 0 dívidas pagas para usuário 8
2025-11-18 18:09:35,594 - error_module - INFO - Encontradas 0 dívidas ATIVAS para usuário 8
2025-11-18 18:09:35,767 - error_module - INFO - Encontradas 0 dívidas pagas para usuário 8
2025-11-18 18:09:39,142 - error_module - INFO - Encontradas 0 dívidas ATIVAS para usuário 8
2025-11-18 18:09:39,296 - error_module - INFO - Encontradas 0 dívidas pagas para usuário 8
2025-11-18 18:09:42,916 - error_module - INFO - Encontradas 0 dívidas ATIVAS para usuário 8
2025-11-18 18:09:43,065 - error_module - INFO - Encontradas 0 dívidas pagas para usuário 8
2025-11-18 18:09:46,589 - error_module - INFO - Encontradas 0 dívidas ATIVAS para usuário 8
2025-11-18 18:09:46,741 - error_module - INFO - Encontradas 0 dívidas pagas para usuário 8
2025-11-18 18:09:50,095 - error_module - INFO - Encontradas 0 dívidas ATIVAS para usuário 8
2025-11-18 18:09:50,242 - error_module - INFO - Encontradas 0 dívidas pagas para usuário 8
2025-11-18 18:09:53,760 - error_module - INFO - Encontradas 0 dívidas ATIVAS para usuário 8
2025-11-18 18:09:53,917 - error_module - INFO - Encontradas 0 dívidas pagas para usuário 8
2025-11-18 18:09:57,487 - error_module - INFO - Encontradas 0 dívidas ATIVAS para usuário 8
2025-11-18 18:09:57,637 - error_module - INFO - Encontradas 0 dívidas pagas para usuário 8
2025-11-18 18:10:01,305 - error_module - INFO - Encontradas 0 dívidas ATIVAS para usuário 8
2025-11-18 18:10:01,509 - error_module - INFO - Encontradas 0 dívidas pagas para usuário 8
2025-11-18 18:10:05,358 - error_module - INFO - Encontradas 0 dívidas ATIVAS para usuário 8
2025-11-18 18:10:05,506 - error_module - INFO - Encontradas 0 dívidas pagas para usuário 8
2025-11-18 18:11:15,434 - error_module - INFO - Encontradas 0 dívidas ATIVAS para usuário 8
2025-11-18 18:11:15,580 - error_module - INFO - Encontradas 0 dívidas pagas para usuário 8
2025-11-18 18:11:19,173 - error_module - INFO - Encontradas 0 dívidas ATIVAS para usuário 8
2025-11-18 18:11:19,322 - error_module - INFO - Encontradas 0 dívidas pagas para usuário 8
2025-11-18 18:11:22,704 - error_module - INFO - Encontradas 0 dívidas ATIVAS para usuário 8
2025-11-18 18:11:22,879 - error_module - INFO - Encontradas 0 dívidas pagas para usuário 8
2025-11-18 18:11:26,605 - error_module - INFO - Encontradas 0 dívidas ATIVAS para usuário 8
2025-11-18 18:11:26,760 - error_module - INFO - Encontradas 0 dívidas pagas para usuário 8
2025-11-18 18:11:30,130 - error_module - INFO - Encontradas 0 dívidas ATIVAS para usuário 8
2025-11-18 18:11:30,314 - error_module - INFO - Encontradas 0 dívidas pagas para usuário 8
2025-11-18 18:14:22,606 - error_module - INFO - 🔐 Tentativa de login: nahtan@empresa.com
2025-11-18 18:14:24,013 - error_module - INFO - Token salvo no cache. Chave: token:eyJhbGciOiJIUzI1NiIsInR5cCI6IkpXVCJ9.eyJleHAiOjE3NjUyMjg0NjQsInN1YiI6IjgifQ.2VMzkTxkHfLY3qbqHAQ4iwiQfx7r7IbjVmYoam9OzNU
2025-11-18 18:14:24,022 - error_module - INFO - 🔐 Tentativa de login: nahtan@empresa.com
2025-11-18 18:14:25,900 - error_module - INFO - Token salvo no cache. Chave: token:eyJhbGciOiJIUzI1NiIsInR5cCI6IkpXVCJ9.eyJleHAiOjE3NjUyMjg0NjUsInN1YiI6IjgifQ.Eb-yCPWrOjnh7xYuoreqfN_gc0NnJ3_KRfpww5j8f3o
2025-11-18 18:19:06,444 - error_module - INFO - Encontradas 0 dívidas ATIVAS para usuário 8
2025-11-18 18:19:06,600 - error_module - INFO - Encontradas 0 dívidas pagas para usuário 8
2025-11-18 18:19:10,507 - error_module - INFO - Encontradas 0 dívidas ATIVAS para usuário 8
2025-11-18 18:19:10,655 - error_module - INFO - Encontradas 0 dívidas pagas para usuário 8
2025-11-18 18:19:14,966 - error_module - INFO - Encontradas 0 dívidas ATIVAS para usuário 8
2025-11-18 18:19:15,136 - error_module - INFO - Encontradas 0 dívidas pagas para usuário 8
2025-11-18 18:19:21,351 - error_module - INFO - Encontradas 0 dívidas ATIVAS para usuário 8
2025-11-18 18:20:04,840 - error_module - INFO - Encontradas 0 dívidas ATIVAS para usuário 8
2025-11-18 18:20:04,998 - error_module - INFO - Encontradas 0 dívidas pagas para usuário 8
2025-11-18 18:20:08,856 - error_module - INFO - Encontradas 0 dívidas ATIVAS para usuário 8
2025-11-18 18:20:09,019 - error_module - INFO - Encontradas 0 dívidas pagas para usuário 8
2025-11-18 18:20:12,623 - error_module - INFO - Encontradas 0 dívidas ATIVAS para usuário 8
2025-11-18 18:20:12,770 - error_module - INFO - Encontradas 0 dívidas pagas para usuário 8
2025-11-18 18:20:16,328 - error_module - INFO - Encontradas 0 dívidas ATIVAS para usuário 8
2025-11-18 18:20:16,493 - error_module - INFO - Encontradas 0 dívidas pagas para usuário 8
2025-11-18 18:20:20,378 - error_module - INFO - Encontradas 0 dívidas ATIVAS para usuário 8
2025-11-18 18:20:20,534 - error_module - INFO - Encontradas 0 dívidas pagas para usuário 8
2025-11-18 18:20:24,009 - error_module - INFO - Encontradas 0 dívidas ATIVAS para usuário 8
2025-11-18 18:20:24,165 - error_module - INFO - Encontradas 0 dívidas pagas para usuário 8
2025-11-18 18:20:27,713 - error_module - INFO - Encontradas 0 dívidas ATIVAS para usuário 8
2025-11-18 18:20:27,865 - error_module - INFO - Encontradas 0 dívidas pagas para usuário 8
2025-11-18 18:20:31,178 - error_module - INFO - Encontradas 0 dívidas ATIVAS para usuário 8
2025-11-18 18:20:31,351 - error_module - INFO - Encontradas 0 dívidas pagas para usuário 8
2025-11-18 18:20:34,752 - error_module - INFO - Encontradas 0 dívidas ATIVAS para usuário 8
2025-11-18 18:20:34,906 - error_module - INFO - Encontradas 0 dívidas pagas para usuário 8
2025-11-18 18:20:38,900 - error_module - INFO - Encontradas 0 dívidas ATIVAS para usuário 8
2025-11-18 18:20:39,052 - error_module - INFO - Encontradas 0 dívidas pagas para usuário 8
2025-11-18 18:23:03,926 - error_module - INFO - Encontradas 0 dívidas ATIVAS para usuário 8
2025-11-18 18:23:04,077 - error_module - INFO - Encontradas 0 dívidas pagas para usuário 8
2025-11-18 18:23:07,705 - error_module - INFO - Encontradas 0 dívidas ATIVAS para usuário 8
2025-11-18 18:23:07,867 - error_module - INFO - Encontradas 0 dívidas pagas para usuário 8
2025-11-18 18:23:11,443 - error_module - INFO - Encontradas 0 dívidas ATIVAS para usuário 8
2025-11-18 18:23:11,619 - error_module - INFO - Encontradas 0 dívidas pagas para usuário 8
2025-11-18 18:23:16,251 - error_module - INFO - Encontradas 0 dívidas ATIVAS para usuário 8
2025-11-18 18:23:16,404 - error_module - INFO - Encontradas 0 dívidas pagas para usuário 8
2025-11-18 18:23:20,405 - error_module - INFO - Encontradas 0 dívidas ATIVAS para usuário 8
2025-11-18 18:23:20,560 - error_module - INFO - Encontradas 0 dívidas pagas para usuário 8
2025-11-18 18:23:24,576 - error_module - INFO - Encontradas 0 dívidas ATIVAS para usuário 8
2025-11-18 18:23:24,738 - error_module - INFO - Encontradas 0 dívidas pagas para usuário 8
2025-11-18 18:23:28,692 - error_module - INFO - Encontradas 0 dívidas ATIVAS para usuário 8
2025-11-18 18:23:28,850 - error_module - INFO - Encontradas 0 dívidas pagas para usuário 8
2025-11-18 18:23:32,518 - error_module - INFO - Encontradas 0 dívidas ATIVAS para usuário 8
2025-11-18 18:23:32,672 - error_module - INFO - Encontradas 0 dívidas pagas para usuário 8
2025-11-18 18:23:36,758 - error_module - INFO - Encontradas 0 dívidas ATIVAS para usuário 8
2025-11-18 18:23:36,905 - error_module - INFO - Encontradas 0 dívidas pagas para usuário 8
2025-11-18 18:23:40,568 - error_module - INFO - Encontradas 0 dívidas ATIVAS para usuário 8
2025-11-18 18:23:40,743 - error_module - INFO - Encontradas 0 dívidas pagas para usuário 8
2025-11-18 18:23:45,996 - error_module - INFO - Encontradas 0 dívidas ATIVAS para usuário 8
2025-11-18 18:23:46,149 - error_module - INFO - Encontradas 0 dívidas pagas para usuário 8
2025-11-18 18:23:49,853 - error_module - INFO - Encontradas 0 dívidas ATIVAS para usuário 8
2025-11-18 18:23:49,997 - error_module - INFO - Encontradas 0 dívidas pagas para usuário 8
2025-11-18 18:23:53,397 - error_module - INFO - Encontradas 0 dívidas ATIVAS para usuário 8
2025-11-18 18:23:53,543 - error_module - INFO - Encontradas 0 dívidas pagas para usuário 8
2025-11-18 18:23:57,895 - error_module - INFO - Encontradas 0 dívidas ATIVAS para usuário 8
2025-11-18 18:23:58,082 - error_module - INFO - Encontradas 0 dívidas pagas para usuário 8
2025-11-18 18:24:01,617 - error_module - INFO - Encontradas 0 dívidas ATIVAS para usuário 8
2025-11-18 18:24:01,778 - error_module - INFO - Encontradas 0 dívidas pagas para usuário 8
2025-11-18 18:24:06,786 - error_module - INFO - Encontradas 0 dívidas ATIVAS para usuário 8
2025-11-18 18:24:06,956 - error_module - INFO - Encontradas 0 dívidas pagas para usuário 8
2025-11-18 18:24:16,565 - error_module - INFO - Encontradas 0 dívidas ATIVAS para usuário 8
2025-11-18 18:24:17,072 - error_module - INFO - Encontradas 0 dívidas pagas para usuário 8
2025-11-18 18:25:11,392 - error_module - INFO - Encontradas 1 dívidas ATIVAS para usuário 1
2025-11-18 18:25:11,551 - error_module - INFO - Encontradas 7 dívidas pagas para usuário 1
2025-11-18 18:26:52,515 - error_module - INFO - Encontradas 1 dívidas ATIVAS para usuário 1
2025-11-18 18:26:52,691 - error_module - INFO - Encontradas 7 dívidas pagas para usuário 1
2025-11-18 18:27:40,582 - error_module - INFO - Encontradas 1 dívidas ATIVAS para usuário 1
2025-11-18 18:27:40,745 - error_module - INFO - Encontradas 7 dívidas pagas para usuário 1
2025-11-18 18:29:41,783 - error_module - INFO - Encontradas 0 dívidas ATIVAS para usuário 8
2025-11-18 18:29:41,925 - error_module - INFO - Encontradas 0 dívidas pagas para usuário 8
2025-11-18 18:29:47,260 - error_module - INFO - Encontradas 0 dívidas ATIVAS para usuário 8
2025-11-18 18:29:47,422 - error_module - INFO - Encontradas 0 dívidas pagas para usuário 8
2025-11-18 18:29:52,594 - error_module - INFO - Encontradas 0 dívidas ATIVAS para usuário 8
2025-11-18 18:29:52,750 - error_module - INFO - Encontradas 0 dívidas pagas para usuário 8
2025-11-18 18:29:58,201 - error_module - INFO - Encontradas 0 dívidas ATIVAS para usuário 8
2025-11-18 18:29:58,351 - error_module - INFO - Encontradas 0 dívidas pagas para usuário 8
2025-11-18 18:30:03,520 - error_module - INFO - Encontradas 0 dívidas ATIVAS para usuário 8
2025-11-18 18:30:03,675 - error_module - INFO - Encontradas 0 dívidas pagas para usuário 8
2025-11-18 18:30:08,082 - error_module - INFO - Encontradas 0 dívidas ATIVAS para usuário 8
2025-11-18 18:30:08,223 - error_module - INFO - Encontradas 0 dívidas pagas para usuário 8
2025-11-18 18:30:12,574 - error_module - INFO - Encontradas 0 dívidas ATIVAS para usuário 8
2025-11-18 18:30:12,726 - error_module - INFO - Encontradas 0 dívidas pagas para usuário 8
2025-11-18 18:30:17,876 - error_module - INFO - Encontradas 0 dívidas ATIVAS para usuário 8
2025-11-18 18:30:18,029 - error_module - INFO - Encontradas 0 dívidas pagas para usuário 8
2025-11-18 18:30:22,543 - error_module - INFO - Encontradas 0 dívidas ATIVAS para usuário 8
2025-11-18 18:30:22,690 - error_module - INFO - Encontradas 0 dívidas pagas para usuário 8
2025-11-18 18:30:27,679 - error_module - INFO - Encontradas 0 dívidas ATIVAS para usuário 8
2025-11-18 18:30:27,827 - error_module - INFO - Encontradas 0 dívidas pagas para usuário 8
2025-11-18 18:30:32,443 - error_module - INFO - Encontradas 0 dívidas ATIVAS para usuário 8
2025-11-18 18:30:32,599 - error_module - INFO - Encontradas 0 dívidas pagas para usuário 8
2025-11-18 18:41:27,142 - error_module - INFO - Encontradas 0 dívidas ATIVAS para usuário 8
2025-11-18 18:41:29,991 - error_module - INFO - Encontradas 0 dívidas pagas para usuário 8
2025-11-18 18:41:39,261 - error_module - INFO - Encontradas 0 dívidas ATIVAS para usuário 8
2025-11-18 18:41:39,425 - error_module - INFO - Encontradas 0 dívidas pagas para usuário 8
2025-11-18 18:42:06,225 - error_module - INFO - Encontradas 0 dívidas ATIVAS para usuário 8
2025-11-18 18:42:07,426 - error_module - INFO - Encontradas 0 dívidas pagas para usuário 8
2025-11-18 18:48:32,105 - error_module - INFO - Encontradas 0 dívidas ATIVAS para usuário 8
2025-11-18 18:48:32,257 - error_module - INFO - Encontradas 0 dívidas pagas para usuário 8
2025-11-18 18:48:37,057 - error_module - INFO - Encontradas 0 dívidas ATIVAS para usuário 8
2025-11-18 18:48:37,207 - error_module - INFO - Encontradas 0 dívidas pagas para usuário 8
2025-11-18 18:48:41,446 - error_module - INFO - Encontradas 0 dívidas ATIVAS para usuário 8
2025-11-18 18:48:41,612 - error_module - INFO - Encontradas 0 dívidas pagas para usuário 8
2025-11-18 18:49:49,790 - error_module - INFO - Encontradas 0 dívidas ATIVAS para usuário 8
2025-11-18 18:49:49,949 - error_module - INFO - Encontradas 0 dívidas pagas para usuário 8
2025-11-18 18:49:54,120 - error_module - INFO - Encontradas 0 dívidas ATIVAS para usuário 8
2025-11-18 18:49:54,276 - error_module - INFO - Encontradas 0 dívidas pagas para usuário 8
2025-11-18 18:49:58,600 - error_module - INFO - Encontradas 0 dívidas ATIVAS para usuário 8
2025-11-18 18:49:58,767 - error_module - INFO - Encontradas 0 dívidas pagas para usuário 8
2025-11-18 18:50:03,543 - error_module - INFO - Encontradas 0 dívidas ATIVAS para usuário 8
2025-11-18 18:50:03,711 - error_module - INFO - Encontradas 0 dívidas pagas para usuário 8
2025-11-18 18:50:07,707 - error_module - INFO - Encontradas 0 dívidas ATIVAS para usuário 8
2025-11-18 18:50:07,874 - error_module - INFO - Encontradas 0 dívidas pagas para usuário 8
2025-11-18 18:50:12,502 - error_module - INFO - Encontradas 0 dívidas ATIVAS para usuário 8
2025-11-18 18:50:12,652 - error_module - INFO - Encontradas 0 dívidas pagas para usuário 8
2025-11-18 18:52:30,018 - error_module - INFO - Encontradas 0 dívidas ATIVAS para usuário 8
2025-11-18 18:52:30,165 - error_module - INFO - Encontradas 0 dívidas pagas para usuário 8
2025-11-18 18:52:34,616 - error_module - INFO - Encontradas 0 dívidas ATIVAS para usuário 8
2025-11-18 18:52:34,774 - error_module - INFO - Encontradas 0 dívidas pagas para usuário 8
2025-11-18 19:01:43,781 - error_module - INFO - Encontradas 0 dívidas ATIVAS para usuário 8
2025-11-18 19:01:43,939 - error_module - INFO - Encontradas 0 dívidas pagas para usuário 8
2025-11-18 19:01:48,777 - error_module - INFO - Encontradas 0 dívidas ATIVAS para usuário 8
2025-11-18 19:01:48,922 - error_module - INFO - Encontradas 0 dívidas pagas para usuário 8
2025-11-18 19:01:52,435 - error_module - INFO - Encontradas 0 dívidas ATIVAS para usuário 8
2025-11-18 19:01:52,584 - error_module - INFO - Encontradas 0 dívidas pagas para usuário 8
2025-11-18 19:01:56,247 - error_module - INFO - Encontradas 0 dívidas ATIVAS para usuário 8
2025-11-18 19:01:56,398 - error_module - INFO - Encontradas 0 dívidas pagas para usuário 8
2025-11-18 19:02:00,371 - error_module - INFO - Encontradas 0 dívidas ATIVAS para usuário 8
2025-11-18 19:02:00,516 - error_module - INFO - Encontradas 0 dívidas pagas para usuário 8
2025-11-18 19:02:04,183 - error_module - INFO - Encontradas 0 dívidas ATIVAS para usuário 8
2025-11-18 19:02:04,329 - error_module - INFO - Encontradas 0 dívidas pagas para usuário 8
2025-11-18 19:02:08,537 - error_module - INFO - Encontradas 0 dívidas ATIVAS para usuário 8
2025-11-18 19:02:08,695 - error_module - INFO - Encontradas 0 dívidas pagas para usuário 8
2025-11-18 19:02:13,724 - error_module - INFO - Encontradas 0 dívidas ATIVAS para usuário 8
2025-11-18 19:02:13,882 - error_module - INFO - Encontradas 0 dívidas pagas para usuário 8
2025-11-18 19:02:18,107 - error_module - INFO - Encontradas 0 dívidas ATIVAS para usuário 8
2025-11-18 19:02:18,293 - error_module - INFO - Encontradas 0 dívidas pagas para usuário 8
2025-11-18 19:02:22,431 - error_module - INFO - Encontradas 0 dívidas ATIVAS para usuário 8
2025-11-18 19:02:22,588 - error_module - INFO - Encontradas 0 dívidas pagas para usuário 8
2025-11-18 19:02:26,517 - error_module - INFO - Encontradas 0 dívidas ATIVAS para usuário 8
2025-11-18 19:02:26,671 - error_module - INFO - Encontradas 0 dívidas pagas para usuário 8
2025-11-18 19:02:30,070 - error_module - INFO - Encontradas 0 dívidas ATIVAS para usuário 8
2025-11-18 19:02:30,217 - error_module - INFO - Encontradas 0 dívidas pagas para usuário 8
2025-11-18 19:12:29,212 - error_module - INFO - Encontradas 0 dívidas ATIVAS para usuário 8
2025-11-18 19:12:29,367 - error_module - INFO - Encontradas 0 dívidas pagas para usuário 8
2025-11-18 19:12:32,811 - error_module - INFO - Encontradas 0 dívidas ATIVAS para usuário 8
2025-11-18 19:12:33,033 - error_module - INFO - Encontradas 0 dívidas pagas para usuário 8
2025-11-18 19:12:36,515 - error_module - INFO - Encontradas 0 dívidas ATIVAS para usuário 8
2025-11-18 19:12:36,699 - error_module - INFO - Encontradas 0 dívidas pagas para usuário 8
2025-11-18 19:12:39,627 - error_module - INFO - Encontradas 0 dívidas ATIVAS para usuário 8
2025-11-18 19:12:39,786 - error_module - INFO - Encontradas 0 dívidas pagas para usuário 8
2025-11-18 19:12:42,743 - error_module - INFO - Encontradas 0 dívidas ATIVAS para usuário 8
2025-11-18 19:12:42,919 - error_module - INFO - Encontradas 0 dívidas pagas para usuário 8
2025-11-18 19:12:45,566 - error_module - INFO - Encontradas 0 dívidas ATIVAS para usuário 8
2025-11-18 19:12:45,724 - error_module - INFO - Encontradas 0 dívidas pagas para usuário 8
2025-11-18 19:13:31,933 - error_module - INFO - Encontradas 0 dívidas ATIVAS para usuário 8
2025-11-18 19:13:32,090 - error_module - INFO - Encontradas 0 dívidas pagas para usuário 8
2025-11-18 19:13:35,578 - error_module - INFO - Encontradas 0 dívidas ATIVAS para usuário 8
2025-11-18 19:13:35,776 - error_module - INFO - Encontradas 0 dívidas pagas para usuário 8
2025-11-18 19:13:49,484 - error_module - INFO - Encontradas 0 dívidas ATIVAS para usuário 8
2025-11-18 19:13:49,633 - error_module - INFO - Encontradas 0 dívidas pagas para usuário 8
2025-11-18 19:13:52,766 - error_module - INFO - Encontradas 0 dívidas ATIVAS para usuário 8
2025-11-18 19:13:52,944 - error_module - INFO - Encontradas 0 dívidas pagas para usuário 8
2025-11-18 19:13:57,250 - error_module - INFO - Encontradas 0 dívidas ATIVAS para usuário 8
2025-11-18 19:13:57,400 - error_module - INFO - Encontradas 0 dívidas pagas para usuário 8
2025-11-18 19:14:00,913 - error_module - INFO - Encontradas 0 dívidas ATIVAS para usuário 8
2025-11-18 19:14:01,075 - error_module - INFO - Encontradas 0 dívidas pagas para usuário 8
2025-11-18 19:14:04,648 - error_module - INFO - Encontradas 0 dívidas ATIVAS para usuário 8
2025-11-18 19:14:04,815 - error_module - INFO - Encontradas 0 dívidas pagas para usuário 8
2025-11-18 19:14:09,595 - error_module - INFO - Encontradas 0 dívidas ATIVAS para usuário 8
2025-11-18 19:14:09,757 - error_module - INFO - Encontradas 0 dívidas pagas para usuário 8
2025-11-18 19:14:13,720 - error_module - INFO - Encontradas 0 dívidas ATIVAS para usuário 8
2025-11-18 19:14:13,863 - error_module - INFO - Encontradas 0 dívidas pagas para usuário 8
2025-11-18 19:16:10,465 - error_module - INFO - Encontradas 0 dívidas ATIVAS para usuário 8
2025-11-18 19:16:10,616 - error_module - INFO - Encontradas 0 dívidas pagas para usuário 8
2025-11-18 19:16:15,723 - error_module - INFO - Encontradas 0 dívidas ATIVAS para usuário 8
2025-11-18 19:16:15,880 - error_module - INFO - Encontradas 0 dívidas pagas para usuário 8
2025-11-18 19:16:19,763 - error_module - INFO - Encontradas 0 dívidas ATIVAS para usuário 8
2025-11-18 19:16:19,919 - error_module - INFO - Encontradas 0 dívidas pagas para usuário 8
2025-11-18 19:18:56,417 - error_module - INFO - Encontradas 0 dívidas ATIVAS para usuário 8
2025-11-18 19:18:56,564 - error_module - INFO - Encontradas 0 dívidas pagas para usuário 8
2025-11-18 19:18:59,930 - error_module - INFO - Encontradas 0 dívidas ATIVAS para usuário 8
2025-11-18 19:19:00,111 - error_module - INFO - Encontradas 0 dívidas pagas para usuário 8
2025-11-18 19:19:03,873 - error_module - INFO - Encontradas 0 dívidas ATIVAS para usuário 8
2025-11-18 19:19:04,025 - error_module - INFO - Encontradas 0 dívidas pagas para usuário 8
2025-11-18 19:19:07,807 - error_module - INFO - Encontradas 0 dívidas ATIVAS para usuário 8
2025-11-18 19:19:07,962 - error_module - INFO - Encontradas 0 dívidas pagas para usuário 8
2025-11-18 19:19:11,325 - error_module - INFO - Encontradas 0 dívidas ATIVAS para usuário 8
2025-11-18 19:19:11,492 - error_module - INFO - Encontradas 0 dívidas pagas para usuário 8
2025-11-18 19:19:14,991 - error_module - INFO - Encontradas 0 dívidas ATIVAS para usuário 8
2025-11-18 19:19:15,159 - error_module - INFO - Encontradas 0 dívidas pagas para usuário 8
2025-11-18 19:19:18,364 - error_module - INFO - Encontradas 0 dívidas ATIVAS para usuário 8
2025-11-18 19:19:18,528 - error_module - INFO - Encontradas 0 dívidas pagas para usuário 8
2025-11-18 19:19:22,604 - error_module - INFO - Encontradas 0 dívidas ATIVAS para usuário 8
2025-11-18 19:19:22,794 - error_module - INFO - Encontradas 0 dívidas pagas para usuário 8
2025-11-18 19:19:25,494 - error_module - INFO - Encontradas 0 dívidas ATIVAS para usuário 8
2025-11-18 19:19:25,684 - error_module - INFO - Encontradas 0 dívidas pagas para usuário 8
2025-11-18 19:19:28,211 - error_module - INFO - Encontradas 0 dívidas ATIVAS para usuário 8
2025-11-18 19:19:28,370 - error_module - INFO - Encontradas 0 dívidas pagas para usuário 8
2025-11-18 19:19:31,108 - error_module - INFO - Encontradas 0 dívidas ATIVAS para usuário 8
2025-11-18 19:19:31,318 - error_module - INFO - Encontradas 0 dívidas pagas para usuário 8
2025-11-18 19:19:49,649 - error_module - INFO - Encontradas 1 dívidas ATIVAS para usuário 1
2025-11-18 19:19:49,795 - error_module - INFO - Encontradas 7 dívidas pagas para usuário 1
2025-11-18 19:24:32,312 - error_module - INFO - Encontradas 1 dívidas ATIVAS para usuário 1
2025-11-18 19:24:32,468 - error_module - INFO - Encontradas 7 dívidas pagas para usuário 1
2025-11-18 19:25:05,079 - error_module - INFO - Encontradas 1 dívidas ATIVAS para usuário 1
2025-11-18 19:25:05,230 - error_module - INFO - Encontradas 7 dívidas pagas para usuário 1
2025-11-18 19:25:39,463 - error_module - INFO - Encontradas 1 dívidas ATIVAS para usuário 1
2025-11-18 19:25:39,614 - error_module - INFO - Encontradas 7 dívidas pagas para usuário 1
2025-11-18 19:25:44,021 - error_module - INFO - Encontradas 1 dívidas ATIVAS para usuário 1
2025-11-18 19:25:44,197 - error_module - INFO - Encontradas 7 dívidas pagas para usuário 1
2025-11-18 19:26:26,494 - error_module - INFO - Encontradas 1 dívidas ATIVAS para usuário 1
2025-11-18 19:26:26,646 - error_module - INFO - Encontradas 7 dívidas pagas para usuário 1
2025-11-18 19:33:17,119 - error_module - INFO - Encontradas 1 dívidas ATIVAS para usuário 1
2025-11-18 19:33:17,265 - error_module - INFO - Encontradas 7 dívidas pagas para usuário 1
2025-11-18 19:33:23,849 - error_module - INFO - Encontradas 1 dívidas ATIVAS para usuário 1
2025-11-18 19:33:24,001 - error_module - INFO - Encontradas 7 dívidas pagas para usuário 1
2025-11-18 19:33:43,834 - error_module - INFO - Encontradas 0 dívidas ATIVAS para usuário 8
2025-11-18 19:33:43,993 - error_module - INFO - Encontradas 0 dívidas pagas para usuário 8
2025-11-18 19:34:33,296 - error_module - INFO - Encontradas 0 dívidas ATIVAS para usuário 8
2025-11-18 19:34:33,450 - error_module - INFO - Encontradas 0 dívidas pagas para usuário 8
2025-11-18 19:35:19,581 - error_module - INFO - Encontradas 0 dívidas ATIVAS para usuário 8
2025-11-18 19:35:19,731 - error_module - INFO - Encontradas 0 dívidas pagas para usuário 8
2025-11-18 20:07:09,022 - error_module - INFO - Configuração de log concluída e pronta para uso.
2025-11-18 20:07:19,376 - error_module - INFO - Configuração de log concluída e pronta para uso.
2025-11-18 20:07:23,193 - error_module - INFO - ✅ Banco de dados iniciado e tabelas criadas!
2025-11-18 20:43:51,729 - error_module - INFO - 🧱 Banco de dados encerrado com sucesso.
2025-11-20 15:17:54,716 - error_module - INFO - Configuração de log concluída e pronta para uso.
2025-11-20 15:18:31,513 - error_module - INFO - Configuração de log concluída e pronta para uso.
2025-11-20 15:18:35,876 - error_module - INFO - Configuração de log concluída e pronta para uso.
2025-11-20 15:19:24,184 - error_module - INFO - Configuração de log concluída e pronta para uso.
2025-11-20 15:19:28,422 - error_module - INFO - Configuração de log concluída e pronta para uso.
2025-11-20 15:19:34,695 - error_module - INFO - ✅ Banco de dados iniciado e tabelas criadas!
2025-11-20 15:21:12,647 - error_module - INFO - 🔐 Tentativa de login: admin@test.com
2025-11-20 15:21:12,793 - error_module - WARNING - ❌ Email não encontrado: admin@test.com
2025-11-20 15:24:18,508 - error_module - INFO - 🧱 Banco de dados encerrado com sucesso.
2025-11-20 15:24:20,460 - error_module - INFO - Configuração de log concluída e pronta para uso.
2025-11-20 15:24:24,562 - error_module - INFO - ✅ Banco de dados iniciado e tabelas criadas!
2025-11-20 15:24:30,556 - error_module - INFO - 🔐 Tentativa de login: admin@*********
2025-11-20 15:24:30,694 - error_module - WARNING - ❌ Email não encontrado: admin@*********
2025-11-20 15:30:35,182 - error_module - INFO - 🧱 Banco de dados encerrado com sucesso.
2025-11-20 15:30:37,142 - error_module - INFO - Configuração de log concluída e pronta para uso.
2025-11-20 15:30:41,276 - error_module - INFO - ✅ Banco de dados iniciado e tabelas criadas!
2025-11-20 15:32:17,712 - error_module - INFO - 🧱 Banco de dados encerrado com sucesso.
2025-11-20 15:32:19,657 - error_module - INFO - Configuração de log concluída e pronta para uso.
2025-11-20 15:32:23,960 - error_module - INFO - ✅ Banco de dados iniciado e tabelas criadas!
2025-11-20 15:32:47,463 - error_module - INFO - 🔐 Tentativa de login: admin@*********
2025-11-20 15:32:47,764 - error_module - WARNING - ❌ Email não encontrado: admin@*********
2025-11-20 15:34:17,211 - error_module - INFO - 🧱 Banco de dados encerrado com sucesso.
2025-11-20 15:34:19,199 - error_module - INFO - Configuração de log concluída e pronta para uso.
2025-11-20 15:34:23,455 - error_module - INFO - ✅ Banco de dados iniciado e tabelas criadas!
2025-11-20 15:44:58,104 - error_module - INFO - 🧱 Banco de dados encerrado com sucesso.
2025-11-20 15:45:00,206 - error_module - INFO - Configuração de log concluída e pronta para uso.
2025-11-20 15:45:04,399 - error_module - INFO - ✅ Banco de dados iniciado e tabelas criadas!
2025-11-20 15:46:14,748 - error_module - INFO - 🔐 Tentativa de login: roberto.caixa@empresa2.com
2025-11-20 15:46:14,885 - error_module - WARNING - Usuário não encontrado: roberto.caixa@empresa2.com
2025-11-20 15:53:55,704 - error_module - INFO - 🧱 Banco de dados encerrado com sucesso.
2025-11-20 15:53:57,632 - error_module - INFO - Configuração de log concluída e pronta para uso.
2025-11-20 15:54:28,363 - error_module - INFO - Configuração de log concluída e pronta para uso.
2025-11-20 15:54:32,938 - error_module - INFO - ✅ Banco de dados iniciado e tabelas criadas!
2025-11-20 15:54:32,972 - error_module - INFO - 🔐 Tentativa de login: roberto.caixa@empresa2.com
2025-11-20 15:54:52,686 - error_module - INFO - 🧱 Banco de dados encerrado com sucesso.
2025-11-20 15:54:54,730 - error_module - INFO - Configuração de log concluída e pronta para uso.
2025-11-20 15:54:58,655 - error_module - INFO - ✅ Banco de dados iniciado e tabelas criadas!
2025-11-20 15:55:08,547 - error_module - INFO - 🔐 Tentativa de login: roberto.caixa@empresa2.com
2025-11-20 15:55:08,823 - error_module - WARNING - Usuário não encontrado: roberto.caixa@empresa2.com
2025-11-20 15:55:28,014 - error_module - INFO - 🔐 Tentativa de login: roberto.caixa@empresa2.com
2025-11-20 15:55:28,276 - error_module - WARNING - Usuário não encontrado: roberto.caixa@empresa2.com
2025-11-20 15:57:04,440 - error_module - INFO - 🧱 Banco de dados encerrado com sucesso.
2025-11-20 15:57:06,326 - error_module - INFO - Configuração de log concluída e pronta para uso.
2025-11-20 15:57:10,789 - error_module - INFO - ✅ Banco de dados iniciado e tabelas criadas!
2025-11-20 15:57:17,824 - error_module - INFO - 🧱 Banco de dados encerrado com sucesso.
2025-11-20 15:57:19,759 - error_module - INFO - Configuração de log concluída e pronta para uso.
2025-11-20 15:57:24,004 - error_module - INFO - ✅ Banco de dados iniciado e tabelas criadas!
2025-11-20 15:57:27,681 - error_module - INFO - 🔐 Tentativa de login: roberto.caixa@empresa2.com
2025-11-20 15:57:27,958 - error_module - WARNING - Usuário não encontrado: roberto.caixa@empresa2.com
2025-11-20 15:59:55,534 - error_module - INFO - 🧱 Banco de dados encerrado com sucesso.
2025-11-20 15:59:57,542 - error_module - INFO - Configuração de log concluída e pronta para uso.
2025-11-20 16:00:01,922 - error_module - INFO - ✅ Banco de dados iniciado e tabelas criadas!
2025-11-20 16:00:01,958 - error_module - INFO - 🔐 Tentativa de login: roberto.caixa@empresa2.com
2025-11-20 16:00:02,229 - error_module - WARNING - Usuário não encontrado: roberto.caixa@empresa2.com
2025-11-20 16:00:48,751 - error_module - INFO - 🧱 Banco de dados encerrado com sucesso.
2025-11-20 16:00:50,755 - error_module - INFO - Configuração de log concluída e pronta para uso.
2025-11-20 16:00:55,123 - error_module - INFO - ✅ Banco de dados iniciado e tabelas criadas!
2025-11-20 16:01:02,031 - error_module - INFO - 🔐 Tentativa de login: roberto.caixa@empresa2.com
2025-11-20 16:01:02,291 - error_module - WARNING - Usuário não encontrado: roberto.caixa@empresa2.com
2025-11-20 16:01:55,211 - error_module - INFO - 🧱 Banco de dados encerrado com sucesso.
2025-11-20 16:02:00,570 - error_module - INFO - Configuração de log concluída e pronta para uso.
2025-11-20 16:02:05,007 - error_module - INFO - Configuração de log concluída e pronta para uso.
2025-11-20 16:02:09,324 - error_module - INFO - ✅ Banco de dados iniciado e tabelas criadas!
2025-11-20 16:04:09,174 - error_module - INFO - 🧱 Banco de dados encerrado com sucesso.
2025-11-20 16:04:11,135 - error_module - INFO - Configuração de log concluída e pronta para uso.
2025-11-20 16:04:15,149 - error_module - INFO - ✅ Banco de dados iniciado e tabelas criadas!
2025-11-20 16:04:30,210 - error_module - INFO - 🔐 Tentativa de login: roberto.caixa@empresa2.com
2025-11-20 16:05:06,095 - error_module - INFO - 🧱 Banco de dados encerrado com sucesso.
2025-11-20 16:05:09,715 - error_module - INFO - Configuração de log concluída e pronta para uso.
2025-11-20 16:05:14,647 - error_module - INFO - Configuração de log concluída e pronta para uso.
2025-11-20 16:05:18,697 - error_module - INFO - ✅ Banco de dados iniciado e tabelas criadas!
2025-11-20 16:05:26,084 - error_module - INFO - 🔐 Tentativa de login: roberto.caixa@empresa2.com
2025-11-20 16:08:25,883 - error_module - INFO - 🧱 Banco de dados encerrado com sucesso.
2025-11-20 16:08:28,010 - error_module - INFO - Configuração de log concluída e pronta para uso.
2025-11-20 16:08:32,203 - error_module - INFO - ✅ Banco de dados iniciado e tabelas criadas!
2025-11-20 16:08:36,440 - error_module - INFO - 🔐 Tentativa de login: roberto.caixa@empresa2.com
2025-11-20 16:08:38,134 - error_module - INFO - Token salvo no cache. Chave: token:eyJhbGciOiJIUzI1NiIsInR5cCI6IkpXVCJ9.eyJleHAiOjE3NjUzOTM3MTcsInN1YiI6IjMwIn0.r_y14wGVDbcc3laO-ZYs_K_PqNqmp31mWpdHlzCTZCM
2025-11-20 16:09:03,525 - error_module - INFO - 🔐 Tentativa de login: admin@test.com
2025-11-20 16:09:04,774 - error_module - INFO - Token salvo no cache. Chave: token:eyJhbGciOiJIUzI1NiIsInR5cCI6IkpXVCJ9.eyJleHAiOjE3NjUzOTM3NDQsInN1YiI6IjEifQ.WB0RvPxvM3R8kz2dy3-f4kehFXvfsrfOMivYB4AzpT0
2025-11-20 16:12:43,879 - error_module - INFO - 🧱 Banco de dados encerrado com sucesso.
2025-11-20 16:12:45,903 - error_module - INFO - Configuração de log concluída e pronta para uso.
2025-11-20 16:12:51,594 - error_module - INFO - ✅ Banco de dados iniciado e tabelas criadas!
2025-11-20 16:13:04,414 - error_module - INFO - 🔐 Tentativa de login: admin@*********
2025-11-20 16:13:04,697 - error_module - INFO - 🔍 DIAGNÓSTICO - Senha DB (employee): ***
2025-11-20 16:13:04,700 - error_module - INFO - 🔍 DIAGNÓSTICO - Senha DB (admin): ************************************************************
2025-11-20 16:13:04,702 - error_module - INFO - 🔍 DIAGNÓSTICO - Senha input: ******
2025-11-20 16:13:05,879 - error_module - INFO - ✅ Credenciais válidas para ADMIN admin - Empresa: Empresa Teste 1
2025-11-20 16:13:06,146 - error_module - ERROR - ❌ Erro ao abrir caixa para 1: Caixa não encontrado para o funcionário João Entregador
2025-11-20 16:17:21,287 - error_module - INFO - 🧱 Banco de dados encerrado com sucesso.
2025-11-20 16:17:23,220 - error_module - INFO - Configuração de log concluída e pronta para uso.
2025-11-20 16:17:27,391 - error_module - INFO - ✅ Banco de dados iniciado e tabelas criadas!
2025-11-20 16:17:41,466 - error_module - INFO - 🔐 Tentativa de login: admin@*********
2025-11-20 16:17:41,916 - error_module - INFO - 🔍 DIAGNÓSTICO - Senha DB (employee): ***
2025-11-20 16:17:41,918 - error_module - INFO - 🔍 DIAGNÓSTICO - Senha DB (admin): ************************************************************
2025-11-20 16:17:41,919 - error_module - INFO - 🔍 DIAGNÓSTICO - Senha input: ******
2025-11-20 16:17:43,055 - error_module - INFO - ✅ Credenciais válidas para ADMIN admin - Empresa: Empresa Teste 1
2025-11-20 16:17:43,058 - error_module - INFO - 💰 Iniciando abertura de caixa - Func ID: 1, Empresa ID: 1
2025-11-20 16:17:43,190 - error_module - ERROR - ❌ Erro ao abrir caixa para 1: substring not found
2025-11-20 16:18:23,945 - error_module - INFO - 🧱 Banco de dados encerrado com sucesso.
2025-11-20 16:18:25,864 - error_module - INFO - Configuração de log concluída e pronta para uso.
2025-11-20 16:18:29,840 - error_module - INFO - ✅ Banco de dados iniciado e tabelas criadas!
2025-11-20 16:18:42,409 - error_module - INFO - 🧱 Banco de dados encerrado com sucesso.
2025-11-20 16:18:44,260 - error_module - INFO - Configuração de log concluída e pronta para uso.
2025-11-20 16:18:48,353 - error_module - INFO - ✅ Banco de dados iniciado e tabelas criadas!
2025-11-20 16:23:38,180 - error_module - INFO - 🧱 Banco de dados encerrado com sucesso.
2025-11-20 16:23:40,282 - error_module - INFO - Configuração de log concluída e pronta para uso.
2025-11-20 16:24:09,509 - error_module - INFO - Configuração de log concluída e pronta para uso.
2025-11-20 16:24:35,722 - error_module - INFO - Configuração de log concluída e pronta para uso.
2025-11-20 16:24:55,699 - error_module - INFO - Configuração de log concluída e pronta para uso.
2025-11-20 16:25:25,051 - error_module - INFO - Configuração de log concluída e pronta para uso.
2025-11-20 16:25:40,754 - error_module - INFO - Configuração de log concluída e pronta para uso.
2025-11-20 16:29:43,120 - error_module - INFO - Configuração de log concluída e pronta para uso.
2025-11-20 16:29:47,980 - error_module - INFO - ✅ Banco de dados iniciado e tabelas criadas!
2025-11-20 16:29:48,021 - error_module - INFO - 🔐 Tentativa de login: admin@*********
2025-11-20 16:29:48,300 - error_module - INFO - 🔍 DIAGNÓSTICO - Senha DB (employee): ***
2025-11-20 16:29:48,304 - error_module - INFO - 🔍 DIAGNÓSTICO - Senha DB (admin): ************************************************************
2025-11-20 16:29:48,304 - error_module - INFO - 🔍 DIAGNÓSTICO - Senha input: ******
2025-11-20 16:29:49,499 - error_module - INFO - ✅ Credenciais válidas para ADMIN admin - Empresa: Empresa Teste 1
2025-11-20 16:29:49,500 - error_module - INFO - 💰 Iniciando abertura de caixa - Func ID: 1, Empresa ID: 1
2025-11-20 16:29:49,636 - error_module - ERROR - ❌ Erro ao abrir caixa para 1: substring not found
2025-11-20 16:34:46,670 - error_module - INFO - 🧱 Banco de dados encerrado com sucesso.
2025-11-20 16:34:48,892 - error_module - INFO - Configuração de log concluída e pronta para uso.
2025-11-20 16:34:53,657 - error_module - INFO - ✅ Banco de dados iniciado e tabelas criadas!
2025-11-20 16:34:57,240 - error_module - INFO - 🔐 Tentativa de login: admin@*********
2025-11-20 16:34:57,514 - error_module - INFO - 🔍 DIAGNÓSTICO - Senha DB (employee): N/A
2025-11-20 16:34:57,516 - error_module - INFO - 🔍 DIAGNÓSTICO - Senha DB (admin): ************************************************************
2025-11-20 16:34:57,517 - error_module - INFO - 🔍 DIAGNÓSTICO - Senha input: ******
2025-11-20 16:34:58,773 - error_module - ERROR - ❌ Erro inesperado em login_and_open: substring not found
2025-11-20 16:34:58,776 - error_module - ERROR - ❌ Stack trace: Traceback (most recent call last):
  File "/home/admin-lan/projects/API-PDV-ONLINE/src/routes/caixa/login.py", line 207, in login_and_open
    f'✅ Credenciais válidas para ADMIN {mask_email(employee_name)} - Empresa: {company_name}'
                                         ^^^^^^^^^^^^^^^^^^^^^^^^^
  File "/home/admin-lan/projects/API-PDV-ONLINE/src/utils/private_infos.py", line 37, in mask_email
    index = value.index('@')
            ^^^^^^^^^^^^^^^^
ValueError: substring not found

2025-11-20 16:38:57,602 - error_module - INFO - 🧱 Banco de dados encerrado com sucesso.
2025-11-20 16:38:59,689 - error_module - INFO - Configuração de log concluída e pronta para uso.
2025-11-20 16:39:03,798 - error_module - INFO - ✅ Banco de dados iniciado e tabelas criadas!
2025-11-20 16:39:06,143 - error_module - INFO - 🔐 Tentativa de login: admin@*********
2025-11-20 16:39:06,557 - error_module - INFO - 🔍 DIAGNÓSTICO - Senha DB (employee): N/A
2025-11-20 16:39:06,559 - error_module - INFO - 🔍 DIAGNÓSTICO - Senha DB (admin): ************************************************************
2025-11-20 16:39:06,559 - error_module - INFO - 🔍 DIAGNÓSTICO - Senha input: ******
2025-11-20 16:39:07,741 - error_module - ERROR - ❌ Erro inesperado em login_and_open: substring not found
2025-11-20 16:39:07,744 - error_module - ERROR - ❌ Stack trace: Traceback (most recent call last):
  File "/home/admin-lan/projects/API-PDV-ONLINE/src/routes/caixa/login.py", line 207, in login_and_open
    f'✅ Credenciais válidas para ADMIN {mask_email(employee_name)} - Empresa: {company_name}'
                                         ^^^^^^^^^^^^^^^^^^^^^^^^^
  File "/home/admin-lan/projects/API-PDV-ONLINE/src/utils/private_infos.py", line 37, in mask_email
    index = value.index('@')
            ^^^^^^^^^^^^^^^^
ValueError: substring not found

2025-11-20 16:40:09,235 - error_module - INFO - 🧱 Banco de dados encerrado com sucesso.
2025-11-20 16:40:11,225 - error_module - INFO - Configuração de log concluída e pronta para uso.
2025-11-20 16:40:15,290 - error_module - INFO - ✅ Banco de dados iniciado e tabelas criadas!
2025-11-20 16:40:18,176 - error_module - INFO - 🔐 Tentativa de login: admin@*********
2025-11-20 16:40:18,447 - error_module - INFO - 🔍 DIAGNÓSTICO - Senha DB (employee): N/A
2025-11-20 16:40:18,448 - error_module - INFO - 🔍 DIAGNÓSTICO - Senha DB (admin): ************************************************************
2025-11-20 16:40:18,448 - error_module - INFO - 🔍 DIAGNÓSTICO - Senha input: ******
2025-11-20 16:40:19,722 - error_module - ERROR - ❌ Erro inesperado em login_and_open: substring not found
2025-11-20 16:40:19,728 - error_module - ERROR - ❌ Stack trace: Traceback (most recent call last):
  File "/home/admin-lan/projects/API-PDV-ONLINE/src/routes/caixa/login.py", line 207, in login_and_open
    f'✅ Credenciais válidas para ADMIN {mask_email(employee_name)} - Empresa: {company_name}'
                                         ^^^^^^^^^^^^^^^^^^^^^^^^^
  File "/home/admin-lan/projects/API-PDV-ONLINE/src/utils/private_infos.py", line 37, in mask_email
    index = value.index('@')
            ^^^^^^^^^^^^^^^^
ValueError: substring not found

2025-11-20 16:43:12,920 - error_module - INFO - 🧱 Banco de dados encerrado com sucesso.
2025-11-20 16:43:14,868 - error_module - INFO - Configuração de log concluída e pronta para uso.
2025-11-20 16:43:19,831 - error_module - INFO - ✅ Banco de dados iniciado e tabelas criadas!
2025-11-20 16:43:22,101 - error_module - INFO - 🔐 Tentativa de login: admin@*********
2025-11-20 16:43:22,365 - error_module - INFO - 🔍 DIAGNÓSTICO - Senha DB (employee): N/A
2025-11-20 16:43:22,365 - error_module - INFO - 🔍 DIAGNÓSTICO - Senha DB (admin): ************************************************************
2025-11-20 16:43:22,366 - error_module - INFO - 🔍 DIAGNÓSTICO - Senha input: ******
2025-11-20 16:43:23,533 - error_module - INFO - ✅ Credenciais válidas para ADMIN admin - Empresa: Empresa Teste 1
2025-11-20 16:43:23,534 - error_module - INFO - 💰 Iniciando abertura de caixa - Func ID: 1, Empresa ID: 1
2025-11-20 16:43:23,665 - error_module - INFO - 🔍 Funcionário encontrado: João Entregador - Email: joao@*********
2025-11-20 16:43:23,794 - error_module - ERROR - ❌ Caixa não encontrado - User: João Entregador, Tipo: funcionario
2025-11-20 16:43:23,800 - error_module - ERROR - ❌ Erro ao abrir caixa para 1: Caixa não encontrado para funcionario João Entregador
2025-11-20 16:43:23,815 - error_module - ERROR - ❌ Stack trace: Traceback (most recent call last):
  File "/home/admin-lan/projects/API-PDV-ONLINE/src/routes/caixa/login.py", line 217, in login_and_open
    caixa = await CashController.abrir_caixa(
            ^^^^^^^^^^^^^^^^^^^^^^^^^^^^^^^^^
  File "/home/admin-lan/projects/API-PDV-ONLINE/src/controllers/caixa/cash_controller.py", line 76, in abrir_caixa
    raise Exception(f'Caixa não encontrado para {user_type} {user_name}')
Exception: Caixa não encontrado para funcionario João Entregador

2025-11-20 16:58:46,524 - error_module - INFO - 🧱 Banco de dados encerrado com sucesso.
2025-11-20 16:58:48,609 - error_module - INFO - Configuração de log concluída e pronta para uso.
2025-11-20 17:33:35,500 - error_module - INFO - Configuração de log concluída e pronta para uso.
2025-11-20 17:34:15,897 - error_module - INFO - Configuração de log concluída e pronta para uso.
2025-11-20 17:35:43,543 - error_module - INFO - Configuração de log concluída e pronta para uso.
2025-11-20 17:36:11,026 - error_module - INFO - Configuração de log concluída e pronta para uso.
2025-11-20 17:36:33,998 - error_module - INFO - Configuração de log concluída e pronta para uso.
2025-11-20 17:37:16,627 - error_module - INFO - Configuração de log concluída e pronta para uso.
2025-11-20 17:37:21,194 - error_module - INFO - Configuração de log concluída e pronta para uso.
2025-11-20 17:37:25,499 - error_module - INFO - ✅ Banco de dados iniciado e tabelas criadas!
2025-11-20 17:37:28,210 - error_module - INFO - 🔐 Tentativa de login: admin@*********
2025-11-20 17:37:28,486 - error_module - INFO - 🔍 DIAGNÓSTICO - Senha DB (employee): N/A
2025-11-20 17:37:28,488 - error_module - INFO - 🔍 DIAGNÓSTICO - Senha DB (admin): ************************************************************
2025-11-20 17:37:28,492 - error_module - INFO - 🔍 DIAGNÓSTICO - Senha input: ******
2025-11-20 17:37:29,634 - error_module - INFO - ✅ Credenciais válidas para ADMIN admin - Empresa: Empresa Teste 1
2025-11-20 17:37:29,635 - error_module - ERROR - ❌ Erro ao abrir caixa para 1: name 'funcionario_id' is not defined
2025-11-20 17:37:29,684 - error_module - ERROR - ❌ Stack trace: Traceback (most recent call last):
  File "/home/admin-lan/projects/API-PDV-ONLINE/src/routes/caixa/login.py", line 217, in login_and_open
    caixa = await CashController.open_checkout(
            ^^^^^^^^^^^^^^^^^^^^^^^^^^^^^^^^^^^
  File "/home/admin-lan/projects/API-PDV-ONLINE/src/controllers/caixa/cash_controller.py", line 33, in open_checkout
    LOGGER.info(f'💰 Iniciando abertura de caixa - Func ID: {funcionario_id}, Empresa ID: {company_id}')
                                                             ^^^^^^^^^^^^^^
NameError: name 'funcionario_id' is not defined

2025-11-20 17:38:48,642 - error_module - INFO - 🧱 Banco de dados encerrado com sucesso.
2025-11-20 17:38:50,972 - error_module - INFO - Configuração de log concluída e pronta para uso.
2025-11-20 17:38:55,120 - error_module - INFO - ✅ Banco de dados iniciado e tabelas criadas!
2025-11-20 17:38:59,044 - error_module - INFO - 🔐 Tentativa de login: admin@*********
2025-11-20 17:38:59,366 - error_module - INFO - 🔍 DIAGNÓSTICO - Senha DB (employee): N/A
2025-11-20 17:38:59,368 - error_module - INFO - 🔍 DIAGNÓSTICO - Senha DB (admin): ************************************************************
2025-11-20 17:38:59,368 - error_module - INFO - 🔍 DIAGNÓSTICO - Senha input: ******
2025-11-20 17:39:00,660 - error_module - INFO - ✅ Credenciais válidas para ADMIN admin - Empresa: Empresa Teste 1
2025-11-20 17:39:00,661 - error_module - ERROR - ❌ Erro ao abrir caixa para 1: name 'funcionario_id' is not defined
2025-11-20 17:39:00,688 - error_module - ERROR - ❌ Stack trace: Traceback (most recent call last):
  File "/home/admin-lan/projects/API-PDV-ONLINE/src/routes/caixa/login.py", line 217, in login_and_open
    caixa = await CashController.open_checkout(
            ^^^^^^^^^^^^^^^^^^^^^^^^^^^^^^^^^^^
  File "/home/admin-lan/projects/API-PDV-ONLINE/src/controllers/caixa/cash_controller.py", line 33, in open_checkout
    LOGGER.info(f'💰 Iniciando abertura de caixa - Func ID: {funcionario_id}, Empresa ID: {company_id}')
                                                             ^^^^^^^^^^^^^^
NameError: name 'funcionario_id' is not defined

2025-11-20 17:39:29,433 - error_module - INFO - 🧱 Banco de dados encerrado com sucesso.
2025-11-20 17:39:31,639 - error_module - INFO - Configuração de log concluída e pronta para uso.
2025-11-20 17:39:35,815 - error_module - INFO - ✅ Banco de dados iniciado e tabelas criadas!
2025-11-20 17:39:37,783 - error_module - INFO - 🔐 Tentativa de login: admin@*********
2025-11-20 17:39:38,075 - error_module - INFO - 🔍 DIAGNÓSTICO - Senha DB (employee): N/A
2025-11-20 17:39:38,075 - error_module - INFO - 🔍 DIAGNÓSTICO - Senha DB (admin): ************************************************************
2025-11-20 17:39:38,076 - error_module - INFO - 🔍 DIAGNÓSTICO - Senha input: ******
2025-11-20 17:39:39,384 - error_module - INFO - ✅ Credenciais válidas para ADMIN admin - Empresa: Empresa Teste 1
2025-11-20 17:39:39,385 - error_module - INFO - 💰 Iniciando abertura de caixa - Func ID: 1, Empresa ID: 1
2025-11-20 17:39:39,513 - error_module - INFO - 🔍 Funcionário encontrado: João Entregador - Email: joao@*********
2025-11-20 17:39:39,650 - error_module - ERROR - ❌ Caixa não encontrado - User: João Entregador, Tipo: funcionario
2025-11-20 17:39:39,651 - error_module - ERROR - ❌ Erro ao abrir caixa para 1: Caixa não encontrado para funcionario João Entregador
2025-11-20 17:39:39,662 - error_module - ERROR - ❌ Stack trace: Traceback (most recent call last):
  File "/home/admin-lan/projects/API-PDV-ONLINE/src/routes/caixa/login.py", line 217, in login_and_open
    caixa = await CashController.open_checkout(
            ^^^^^^^^^^^^^^^^^^^^^^^^^^^^^^^^^^^
  File "/home/admin-lan/projects/API-PDV-ONLINE/src/controllers/caixa/cash_controller.py", line 126, in open_checkout
    raise Exception(f'Caixa não encontrado para {user_type} {user_name}')
Exception: Caixa não encontrado para funcionario João Entregador

2025-11-20 17:43:58,594 - error_module - INFO - 🧱 Banco de dados encerrado com sucesso.
2025-11-20 17:44:00,999 - error_module - INFO - Configuração de log concluída e pronta para uso.
2025-11-20 17:44:24,558 - error_module - INFO - Configuração de log concluída e pronta para uso.
2025-11-20 17:45:37,124 - error_module - INFO - Configuração de log concluída e pronta para uso.
2025-11-20 17:45:41,334 - error_module - INFO - ✅ Banco de dados iniciado e tabelas criadas!
2025-11-20 17:45:51,050 - error_module - INFO - 🔐 Tentativa de login: admin@*********
2025-11-20 17:45:51,329 - error_module - INFO - 🔍 DIAGNÓSTICO - Senha DB (employee): N/A
2025-11-20 17:45:51,330 - error_module - INFO - 🔍 DIAGNÓSTICO - Senha DB (admin): ************************************************************
2025-11-20 17:45:51,330 - error_module - INFO - 🔍 DIAGNÓSTICO - Senha input: ******
2025-11-20 17:45:52,635 - error_module - INFO - ✅ Credenciais válidas para ADMIN admin - Empresa: Empresa Teste 1
2025-11-20 17:45:52,637 - error_module - INFO - Iniciando abertura de caixa - Func ID: 1, Empresa ID: 1
2025-11-20 17:45:52,763 - error_module - INFO - Funcionario encontrado: João Entregador - Email: joao@*********
2025-11-20 17:45:52,893 - error_module - ERROR - Caixa nao encontrado - User: João Entregador, Tipo: funcionario
2025-11-20 17:45:52,895 - error_module - ERROR - ❌ Erro ao abrir caixa para 1: 404: Caixa nao encontrado para funcionario João Entregador
2025-11-20 17:45:52,910 - error_module - ERROR - ❌ Stack trace: Traceback (most recent call last):
  File "/home/admin-lan/projects/API-PDV-ONLINE/src/routes/caixa/login.py", line 217, in login_and_open
    caixa = await CashController.open_checkout(
            ^^^^^^^^^^^^^^^^^^^^^^^^^^^^^^^^^^^
  File "/home/admin-lan/projects/API-PDV-ONLINE/src/controllers/caixa/cash_controller.py", line 112, in open_checkout
    raise HTTPException(
fastapi.exceptions.HTTPException: 404: Caixa nao encontrado para funcionario João Entregador

2025-11-20 17:49:07,058 - error_module - INFO - 🧱 Banco de dados encerrado com sucesso.
2025-11-20 17:49:09,321 - error_module - INFO - Configuração de log concluída e pronta para uso.
2025-11-20 17:49:14,127 - error_module - INFO - ✅ Banco de dados iniciado e tabelas criadas!
2025-11-20 17:49:34,369 - error_module - INFO - Tentativa de login: admin@*********
2025-11-20 17:49:34,649 - error_module - INFO - Diagnostico - Senha DB (employee): N/A
2025-11-20 17:49:34,652 - error_module - INFO - Diagnostico - Senha DB (admin): ************************************************************
2025-11-20 17:49:34,662 - error_module - INFO - Diagnostico - Senha input: ******
2025-11-20 17:49:35,938 - error_module - INFO - Credenciais validas para ADMIN admin - Empresa: Empresa Teste 1
2025-11-20 17:49:35,938 - error_module - INFO - Iniciando abertura de caixa - Func ID: 1, Empresa ID: 1
2025-11-20 17:49:36,066 - error_module - INFO - Funcionario encontrado: João Entregador - Email: joao@*********
2025-11-20 17:49:36,197 - error_module - ERROR - Caixa nao encontrado - User: João Entregador, Tipo: funcionario
2025-11-20 17:53:08,337 - error_module - INFO - 🧱 Banco de dados encerrado com sucesso.
2025-11-20 17:53:10,583 - error_module - INFO - Configuração de log concluída e pronta para uso.
2025-11-20 17:53:14,989 - error_module - INFO - ✅ Banco de dados iniciado e tabelas criadas!
2025-11-20 17:53:20,286 - error_module - INFO - Tentativa de login: admin@*********
2025-11-20 17:53:20,565 - error_module - INFO - Diagnostico - Senha DB (employee): N/A
2025-11-20 17:53:20,565 - error_module - INFO - Diagnostico - Senha DB (admin): ************************************************************
2025-11-20 17:53:20,566 - error_module - INFO - Diagnostico - Senha input: ******
2025-11-20 17:53:21,671 - error_module - INFO - Credenciais validas para ADMIN admin - Empresa: Empresa Teste 1
2025-11-20 17:53:21,671 - error_module - INFO - Iniciando abertura de caixa - Func ID: 1, Empresa ID: 1
2025-11-20 17:53:21,805 - error_module - INFO - Funcionario encontrado: João Entregador - Email: joao@*********
2025-11-20 17:53:21,937 - error_module - ERROR - Caixa nao encontrado - User: João Entregador, Tipo: funcionario
2025-11-20 17:55:42,003 - error_module - INFO - Configuração de log concluída e pronta para uso.
2025-11-20 17:55:46,567 - error_module - INFO - Configuração de log concluída e pronta para uso.
2025-11-20 17:55:51,699 - error_module - INFO - ✅ Banco de dados iniciado e tabelas criadas!
2025-11-20 17:55:58,433 - error_module - INFO - Tentativa de login: admin@*********
2025-11-20 17:55:58,715 - error_module - INFO - Diagnostico - Senha DB (employee): N/A
2025-11-20 17:55:58,717 - error_module - INFO - Diagnostico - Senha DB (admin): ************************************************************
2025-11-20 17:55:58,724 - error_module - INFO - Diagnostico - Senha input: ******
2025-11-20 17:55:59,920 - error_module - INFO - Credenciais validas para ADMIN admin - Empresa: Empresa Teste 1
2025-11-20 17:55:59,922 - error_module - INFO - Iniciando abertura de caixa - Func ID: 1, Empresa ID: 1
2025-11-20 17:56:00,052 - error_module - INFO - Funcionario encontrado: João Entregador - Email: joao@*********
2025-11-20 17:56:00,180 - error_module - ERROR - Caixa nao encontrado - User: João Entregador, Tipo: funcionario
2025-11-20 17:56:40,547 - error_module - INFO - Tentativa de login: roberto.caixa@*********
2025-11-20 17:56:40,820 - error_module - INFO - Diagnostico - Senha DB (employee): ************************************************************
2025-11-20 17:56:40,820 - error_module - INFO - Diagnostico - Senha DB (admin): N/A
2025-11-20 17:56:40,821 - error_module - INFO - Diagnostico - Senha input: ****
2025-11-20 17:56:42,012 - error_module - INFO - Credenciais validas para FUNCIONARIO Roberto Caixa - Empresa: Pizzaria do Bobs
2025-11-20 17:56:42,013 - error_module - INFO - Iniciando abertura de caixa - Func ID: 30, Empresa ID: 2
2025-11-20 17:56:42,140 - error_module - INFO - Funcionario encontrado: Roberto Caixa - Email: roberto.caixa@*********
2025-11-20 17:56:42,675 - error_module - INFO - Caixa aberto com sucesso para Roberto Caixa (funcionario) - Caixa ID: 652, Saldo: R$ 0.00
2025-11-20 17:56:42,676 - error_module - INFO - Caixa ja estava aberto para Roberto Caixa: ID 652
2025-11-20 17:56:42,768 - error_module - INFO - Tokens gerados para Roberto Caixa - Access Token: ************************************************************************************************************************
2025-11-20 17:56:42,774 - error_module - DEBUG - Cache salvo no Redis para Roberto Caixa
2025-11-20 17:56:42,777 - error_module - INFO - Login finalizado com sucesso para Roberto Caixa (funcionario) - Caixa Status: ja_aberto
2025-11-21 01:17:02,502 - error_module - INFO - Configuração de log concluída e pronta para uso.
2025-11-21 01:18:47,936 - error_module - INFO - Configuração de log concluída e pronta para uso.
2025-11-21 01:21:37,798 - error_module - INFO - Configuração de log concluída e pronta para uso.
2025-11-21 01:21:47,969 - error_module - INFO - Configuração de log concluída e pronta para uso.
2025-11-21 01:21:55,780 - error_module - INFO - ✅ Banco de dados iniciado e tabelas criadas!
2025-11-21 01:22:37,771 - error_module - INFO - Tentativa de login: roberto.caixa@*********
2025-11-21 01:22:38,086 - error_module - INFO - Diagnostico - Senha DB (employee): ************************************************************
2025-11-21 01:22:38,087 - error_module - INFO - Diagnostico - Senha DB (admin): N/A
2025-11-21 01:22:38,087 - error_module - INFO - Diagnostico - Senha input: ****
2025-11-21 01:22:39,450 - error_module - INFO - Credenciais validas para FUNCIONARIO Roberto Caixa - Empresa: Pizzaria do Bobs
2025-11-21 01:22:39,451 - error_module - INFO - Iniciando abertura de caixa - Func ID: 30, Empresa ID: 2
2025-11-21 01:22:39,681 - error_module - INFO - Funcionario encontrado: Roberto Caixa - Email: roberto.caixa@*********
2025-11-21 01:22:40,003 - error_module - WARNING - Caixa ja esta aberto para Roberto Caixa - Caixa ID: 652
2025-11-21 01:22:40,010 - error_module - INFO - Caixa ja estava aberto para Roberto Caixa: ID 652
2025-11-21 01:22:40,377 - error_module - INFO - Tokens gerados para Roberto Caixa - Access Token: ************************************************************************************************************************
2025-11-21 01:22:41,229 - error_module - DEBUG - Cache salvo no Redis para Roberto Caixa
2025-11-21 01:22:41,229 - error_module - INFO - Login finalizado com sucesso para Roberto Caixa (funcionario) - Caixa Status: ja_aberto
2025-11-21 01:23:33,129 - error_module - INFO - Tentativa de login: admin@*********
2025-11-21 01:23:33,489 - error_module - INFO - Diagnostico - Senha DB (employee): N/A
2025-11-21 01:23:33,497 - error_module - INFO - Diagnostico - Senha DB (admin): ************************************************************
2025-11-21 01:23:33,500 - error_module - INFO - Diagnostico - Senha input: *****
2025-11-21 01:23:35,130 - error_module - WARNING - Senha incorreta para admin: admin@*********
2025-11-21 01:25:41,067 - error_module - INFO - 🧱 Banco de dados encerrado com sucesso.
2025-11-21 01:25:50,255 - error_module - INFO - Configuração de log concluída e pronta para uso.
2025-11-21 01:26:03,238 - error_module - INFO - ✅ Banco de dados iniciado e tabelas criadas!
2025-11-21 01:26:03,313 - error_module - INFO - Tentativa de login: admin@*********
2025-11-21 01:26:03,653 - error_module - INFO - Diagnostico - Senha DB (employee): N/A
2025-11-21 01:26:03,653 - error_module - INFO - Diagnostico - Senha DB (admin): ************************************************************
2025-11-21 01:26:03,655 - error_module - INFO - Diagnostico - Senha input: *****
2025-11-21 01:26:06,841 - error_module - WARNING - Senha incorreta para admin: admin@*********
2025-11-21 01:26:38,266 - error_module - INFO - 🧱 Banco de dados encerrado com sucesso.
2025-11-21 01:26:44,868 - error_module - INFO - Configuração de log concluída e pronta para uso.
2025-11-21 01:26:54,550 - error_module - INFO - ✅ Banco de dados iniciado e tabelas criadas!
2025-11-21 01:28:33,975 - error_module - INFO - Tentativa de login: admin@*********
2025-11-21 01:28:34,335 - error_module - INFO - Diagnostico - Senha DB (employee): N/A
2025-11-21 01:28:34,341 - error_module - INFO - Diagnostico - Senha DB (admin): ************************************************************
2025-11-21 01:28:34,352 - error_module - INFO - Diagnostico - Senha input: ******
2025-11-21 01:28:39,064 - error_module - INFO - Credenciais validas para ADMIN admin - Empresa: Empresa Teste 1
2025-11-21 01:28:39,066 - error_module - INFO - Iniciando abertura de caixa - Func ID: 1, Empresa ID: 1
2025-11-21 01:28:39,194 - error_module - INFO - Funcionario encontrado: João Entregador - Email: joao@*********
2025-11-21 01:28:39,341 - error_module - ERROR - Caixa nao encontrado - User: João Entregador, Tipo: funcionario
2025-11-21 01:30:00,684 - error_module - INFO - 🧱 Banco de dados encerrado com sucesso.
2025-11-21 02:15:30,325 - error_module - INFO - Configuração de log concluída e pronta para uso.
2025-11-21 02:15:52,890 - error_module - INFO - Configuração de log concluída e pronta para uso.
2025-11-21 02:16:03,067 - error_module - INFO - ✅ Banco de dados iniciado e tabelas criadas!
2025-11-21 02:19:31,585 - error_module - INFO - 🧱 Banco de dados encerrado com sucesso.
2025-11-21 02:19:36,128 - error_module - INFO - Configuração de log concluída e pronta para uso.
2025-11-21 02:19:49,663 - error_module - INFO - ✅ Banco de dados iniciado e tabelas criadas!
2025-11-21 02:21:26,160 - error_module - INFO - 🧱 Banco de dados encerrado com sucesso.
2025-11-21 02:21:31,468 - error_module - INFO - Configuração de log concluída e pronta para uso.
2025-11-21 02:21:40,973 - error_module - INFO - ✅ Banco de dados iniciado e tabelas criadas!
2025-11-21 02:23:20,876 - error_module - INFO - Tentativa de login: contaadmon@*********
2025-11-21 02:23:21,225 - error_module - INFO - Diagnostico - Senha DB (employee): ****
2025-11-21 02:23:21,232 - error_module - INFO - Diagnostico - Senha DB (admin): ************************************************************
2025-11-21 02:23:21,244 - error_module - INFO - Diagnostico - Senha input: ****
2025-11-21 02:23:21,248 - error_module - ERROR - Erro na validacao do funcionario: hash could not be identified
2025-11-21 02:25:36,576 - error_module - INFO - 🧱 Banco de dados encerrado com sucesso.
2025-11-21 02:25:45,611 - error_module - INFO - Configuração de log concluída e pronta para uso.
2025-11-21 02:26:51,938 - error_module - INFO - Configuração de log concluída e pronta para uso.
2025-11-21 02:27:19,950 - error_module - INFO - Configuração de log concluída e pronta para uso.
2025-11-21 02:28:27,029 - error_module - INFO - Configuração de log concluída e pronta para uso.
2025-11-21 02:28:36,674 - error_module - INFO - ✅ Banco de dados iniciado e tabelas criadas!
2025-11-21 02:29:13,496 - error_module - INFO - Tentativa de login: conta@*********
2025-11-21 02:29:13,869 - error_module - INFO - Diagnostico - Senha DB (employee): ************************************************************
2025-11-21 02:29:13,871 - error_module - INFO - Diagnostico - Senha DB (admin): ************************************************************
2025-11-21 02:29:13,872 - error_module - INFO - Diagnostico - Senha input: ****
2025-11-21 02:29:16,620 - error_module - INFO - Credenciais validas para FUNCIONARIO Empresa Teste LTDA - Empresa: Empresa Teste LTDA
2025-11-21 02:29:16,626 - error_module - INFO - Iniciando abertura de caixa - Func ID: 41, Empresa ID: 18
2025-11-21 02:29:16,777 - error_module - INFO - Funcionario encontrado: Empresa Teste LTDA - Email: conta@*********
2025-11-21 02:29:17,443 - error_module - INFO - Caixa aberto com sucesso para Empresa Teste LTDA (funcionario) - Caixa ID: 979, Saldo: R$ 0.00
2025-11-21 02:29:17,453 - error_module - INFO - Caixa ja estava aberto para Empresa Teste LTDA: ID 979
2025-11-21 02:29:17,706 - error_module - INFO - Tokens gerados para Empresa Teste LTDA - Access Token: ************************************************************************************************************************
2025-11-21 02:29:17,745 - error_module - DEBUG - Cache salvo no Redis para Empresa Teste LTDA
2025-11-21 02:29:17,745 - error_module - INFO - Login finalizado com sucesso para Empresa Teste LTDA (funcionario) - Caixa Status: ja_aberto
2025-11-21 02:30:53,062 - error_module - INFO - 🔐 Tentativa de login: conta@test.com
2025-11-21 02:30:54,570 - error_module - WARNING - Senha incorreta para admin: conta@test.com
2025-11-21 02:31:49,576 - error_module - INFO - 🔐 Tentativa de login: conta@test.com
2025-11-21 02:31:51,609 - error_module - WARNING - Senha incorreta para admin: conta@test.com
